[INFO] Scanning for projects...
[INFO] 
[INFO] -----------------------< edu.eci.dosw:tech-cup >------------------------
[INFO] Building tech-cup 0.0.1-SNAPSHOT
[INFO]   from pom.xml
[INFO] --------------------------------[ jar ]---------------------------------
[INFO] 
[INFO] --- clean:3.4.1:clean (default-clean) @ tech-cup ---
[INFO] Deleting C:\Users\karol\Downloads\TECHCUP-FUTBOL-BACKEND\target
[INFO] 
[INFO] --- jacoco:0.8.12:prepare-agent (default) @ tech-cup ---
[INFO] argLine set to -javaagent:C:\\Users\\karol\\.m2\\repository\\org\\jacoco\\org.jacoco.agent\\0.8.12\\org.jacoco.agent-0.8.12-runtime.jar=destfile=C:\\Users\\karol\\Downloads\\TECHCUP-FUTBOL-BACKEND\\target\\jacoco.exec
[INFO] 
[INFO] --- resources:3.3.1:resources (default-resources) @ tech-cup ---
[INFO] Copying 1 resource from src\main\resources to target\classes
[INFO] Copying 0 resource from src\main\resources to target\classes
[INFO] 
[INFO] --- compiler:3.14.1:compile (default-compile) @ tech-cup ---
[INFO] Recompiling the module because of changed source code.
[INFO] Compiling 33 source files with javac [debug parameters release 17] to target\classes
[INFO] ------------------------------------------------------------------------
[INFO] BUILD SUCCESS
[INFO] ------------------------------------------------------------------------
[INFO] Total time:  8.255 s
[INFO] Finished at: 2026-04-15T18:14:51-05:00
[INFO] ------------------------------------------------------------------------
